exports[`test NewsList Stub 1`] = `
<div>
  Loading
</div>
`;
